[0m17:53:57.700051 [debug] [MainThread]: Sending event: {'category': 'dbt', 'action': 'invocation', 'label': 'start', 'context': [<snowplow_tracker.self_describing_json.SelfDescribingJson object at 0x00000162A265AFC0>, <snowplow_tracker.self_describing_json.SelfDescribingJson object at 0x00000162A1D082F0>, <snowplow_tracker.self_describing_json.SelfDescribingJson object at 0x00000162A1D09310>]}


============================== 17:53:57.715690 | c8f04eda-ce40-4e2d-8101-a1f2a0f958e2 ==============================
[0m17:53:57.715690 [info ] [MainThread]: Running with dbt=1.11.2
[0m17:53:57.752162 [debug] [MainThread]: running dbt with arguments {'version_check': 'True', 'no_print': 'None', 'static_parser': 'True', 'target_path': 'None', 'warn_error_options': 'WarnErrorOptionsV2(error=[], warn=[], silence=[])', 'printer_width': '80', 'write_json': 'True', 'introspect': 'True', 'log_cache_events': 'False', 'empty': 'None', 'cache_selected_only': 'False', 'log_format': 'default', 'debug': 'False', 'fail_fast': 'False', 'partial_parse': 'True', 'send_anonymous_usage_stats': 'True', 'quiet': 'False', 'warn_error': 'None', 'profiles_dir': 'C:\\Users\\HP\\.dbt', 'use_colors': 'True', 'indirect_selection': 'eager', 'invocation_command': 'dbt init', 'use_experimental_parser': 'False', 'log_path': 'logs'}
[0m17:53:58.034500 [info ] [MainThread]: Creating dbt configuration folder at C:\Users\HP\.dbt
[0m17:54:24.031129 [debug] [MainThread]: Starter project path: C:\Users\HP\data_engineering_mastery\dbt_process\env\Lib\site-packages\dbt\include\starter_project
[0m17:54:24.312555 [info ] [MainThread]: 
Your new dbt project "dbt_learn_osas" was created!

For more information on how to configure the profiles.yml file,
please consult the dbt documentation here:

  https://docs.getdbt.com/docs/configure-your-profile

One more thing:

Need help? Don't hesitate to reach out to us via GitHub issues or on Slack:

  https://community.getdbt.com/

Happy modeling!

[0m17:54:24.466185 [info ] [MainThread]: Setting up your profile.
[0m18:05:24.673135 [info ] [MainThread]: Profile dbt_learn_osas written to C:\Users\HP\.dbt\profiles.yml using target's profile_template.yml and your supplied values. Run 'dbt debug' to validate the connection.
[0m18:05:25.192041 [debug] [MainThread]: Command `dbt init` succeeded at 18:05:25.183042 after 692.69 seconds
[0m18:05:25.252626 [debug] [MainThread]: Sending event: {'category': 'dbt', 'action': 'invocation', 'label': 'end', 'context': [<snowplow_tracker.self_describing_json.SelfDescribingJson object at 0x00000162A25C4CB0>, <snowplow_tracker.self_describing_json.SelfDescribingJson object at 0x00000162B9893B00>, <snowplow_tracker.self_describing_json.SelfDescribingJson object at 0x00000162B9668200>]}
[0m18:05:25.315002 [debug] [MainThread]: Flushing usage events
[0m18:05:32.333868 [debug] [MainThread]: An error was encountered while trying to flush usage events
[0m18:06:42.914616 [debug] [MainThread]: Sending event: {'category': 'dbt', 'action': 'invocation', 'label': 'start', 'context': [<snowplow_tracker.self_describing_json.SelfDescribingJson object at 0x0000012B03BD94F0>, <snowplow_tracker.self_describing_json.SelfDescribingJson object at 0x0000012B03075AF0>, <snowplow_tracker.self_describing_json.SelfDescribingJson object at 0x0000012B03049700>]}


============================== 18:06:42.934620 | decdf7ab-41dd-45a1-b0b4-829cdcfbadcd ==============================
[0m18:06:42.934620 [info ] [MainThread]: Running with dbt=1.11.2
[0m18:06:42.983884 [debug] [MainThread]: running dbt with arguments {'static_parser': 'True', 'no_print': 'None', 'version_check': 'True', 'target_path': 'None', 'warn_error_options': 'WarnErrorOptionsV2(error=[], warn=[], silence=[])', 'printer_width': '80', 'write_json': 'True', 'empty': 'None', 'log_cache_events': 'False', 'introspect': 'True', 'cache_selected_only': 'False', 'log_format': 'default', 'debug': 'False', 'fail_fast': 'False', 'profiles_dir': 'C:\\Users\\HP\\.dbt', 'send_anonymous_usage_stats': 'True', 'quiet': 'False', 'warn_error': 'None', 'partial_parse': 'True', 'use_colors': 'True', 'indirect_selection': 'eager', 'invocation_command': 'dbt debug', 'use_experimental_parser': 'False', 'log_path': 'logs'}
[0m18:06:43.212571 [info ] [MainThread]: dbt version: 1.11.2
[0m18:06:43.302639 [info ] [MainThread]: python version: 3.12.0
[0m18:06:43.396239 [info ] [MainThread]: python path: C:\Users\HP\data_engineering_mastery\dbt_process\env\Scripts\python.exe
[0m18:06:43.483397 [info ] [MainThread]: os info: Windows-11-10.0.22000-SP0
[0m18:09:04.940121 [info ] [MainThread]: Using profiles dir at C:\Users\HP\.dbt
[0m18:09:04.978992 [info ] [MainThread]: Using profiles.yml file at C:\Users\HP\.dbt\profiles.yml
[0m18:09:05.043287 [info ] [MainThread]: Using dbt_project.yml file at C:\Users\HP\data_engineering_mastery\dbt_process\dbt_project.yml
[0m18:09:05.089367 [info ] [MainThread]: adapter type: bigquery
[0m18:09:05.113998 [info ] [MainThread]: adapter version: 1.11.0
[0m18:09:05.130685 [info ] [MainThread]: Configuration:
[0m18:09:05.159733 [info ] [MainThread]:   profiles.yml file [[32mOK found and valid[0m]
[0m18:09:05.289610 [info ] [MainThread]:   dbt_project.yml file [[31mERROR not found[0m]
[0m18:09:05.426466 [info ] [MainThread]: Required dependencies:
[0m18:09:05.478089 [debug] [MainThread]: Executing "git --help"
[0m18:09:05.776499 [debug] [MainThread]: STDOUT: "b"usage: git [-v | --version] [-h | --help] [-C <path>] [-c <name>=<value>]\n           [--exec-path[=<path>]] [--html-path] [--man-path] [--info-path]\n           [-p | --paginate | -P | --no-pager] [--no-replace-objects] [--bare]\n           [--git-dir=<path>] [--work-tree=<path>] [--namespace=<name>]\n           [--config-env=<name>=<envvar>] <command> [<args>]\n\nThese are common Git commands used in various situations:\n\nstart a working area (see also: git help tutorial)\n   clone     Clone a repository into a new directory\n   init      Create an empty Git repository or reinitialize an existing one\n\nwork on the current change (see also: git help everyday)\n   add       Add file contents to the index\n   mv        Move or rename a file, a directory, or a symlink\n   restore   Restore working tree files\n   rm        Remove files from the working tree and from the index\n\nexamine the history and state (see also: git help revisions)\n   bisect    Use binary search to find the commit that introduced a bug\n   diff      Show changes between commits, commit and working tree, etc\n   grep      Print lines matching a pattern\n   log       Show commit logs\n   show      Show various types of objects\n   status    Show the working tree status\n\ngrow, mark and tweak your common history\n   branch    List, create, or delete branches\n   commit    Record changes to the repository\n   merge     Join two or more development histories together\n   rebase    Reapply commits on top of another base tip\n   reset     Reset current HEAD to the specified state\n   switch    Switch branches\n   tag       Create, list, delete or verify a tag object signed with GPG\n\ncollaborate (see also: git help workflows)\n   fetch     Download objects and refs from another repository\n   pull      Fetch from and integrate with another repository or a local branch\n   push      Update remote refs along with associated objects\n\n'git help -a' and 'git help -g' list available subcommands and some\nconcept guides. See 'git help <command>' or 'git help <concept>'\nto read about a specific subcommand or concept.\nSee 'git help git' for an overview of the system.\n""
[0m18:09:05.778537 [debug] [MainThread]: STDERR: "b''"
[0m18:09:05.781590 [info ] [MainThread]:  - git [[32mOK found[0m]

[0m18:09:05.789536 [info ] [MainThread]: Connection:
[0m18:09:05.893038 [info ] [MainThread]:   method: service-account
[0m18:09:05.953795 [info ] [MainThread]:   database: my-dbt-project-486616
[0m18:09:06.041420 [info ] [MainThread]:   execution_project: my-dbt-project-486616
[0m18:09:06.193772 [info ] [MainThread]:   schema: dbt_dataset
[0m18:09:06.540973 [info ] [MainThread]:   location: EU
[0m18:09:06.759761 [info ] [MainThread]:   priority: interactive
[0m18:09:06.847238 [info ] [MainThread]:   maximum_bytes_billed: None
[0m18:09:06.950922 [info ] [MainThread]:   impersonate_service_account: None
[0m18:09:07.010460 [info ] [MainThread]:   job_retry_deadline_seconds: None
[0m18:09:07.055846 [info ] [MainThread]:   job_retries: 1
[0m18:09:07.102655 [info ] [MainThread]:   job_creation_timeout_seconds: None
[0m18:09:07.113248 [info ] [MainThread]:   job_execution_timeout_seconds: 300
[0m18:09:07.191188 [info ] [MainThread]:   timeout_seconds: 300
[0m18:09:07.341906 [info ] [MainThread]:   client_id: None
[0m18:09:07.388301 [info ] [MainThread]:   token_uri: None
[0m18:09:07.411876 [info ] [MainThread]:   compute_region: None
[0m18:09:07.436542 [info ] [MainThread]:   dataproc_cluster_name: None
[0m18:09:07.475670 [info ] [MainThread]:   gcs_bucket: None
[0m18:09:07.541926 [info ] [MainThread]:   dataproc_batch: None
[0m18:09:07.593462 [info ] [MainThread]: Registered adapter: bigquery=1.11.0
[0m18:09:13.736754 [debug] [MainThread]: Acquiring new bigquery connection 'debug'
[0m18:09:13.741259 [debug] [MainThread]: On debug: select 1 as id
[0m18:09:13.741816 [debug] [MainThread]: Opening a new connection, currently in state init
[0m18:09:25.551963 [debug] [MainThread]: BigQuery adapter: https://console.cloud.google.com/bigquery?project=my-dbt-project-486616&j=bq:EU:ff8f7672-9b27-4f54-a297-d0a0bdf5679b&page=queryresults
[0m18:09:26.059770 [debug] [MainThread]: SQL status: OK in 0.503 seconds
[0m18:09:45.937273 [info ] [MainThread]:   Connection test: [[32mOK connection ok[0m]

[0m18:09:45.942050 [info ] [MainThread]: [31m1 check failed:[0m
[0m18:09:45.946566 [info ] [MainThread]: Project loading failed for the following reason:
 project path <C:\Users\HP\data_engineering_mastery\dbt_process\dbt_project.yml> not found

[0m18:09:45.962425 [debug] [MainThread]: Command `dbt debug` failed at 18:09:45.961426 after 187.53 seconds
[0m18:09:45.967050 [debug] [MainThread]: Connection 'debug' was properly closed.
[0m18:09:45.970067 [debug] [MainThread]: Sending event: {'category': 'dbt', 'action': 'invocation', 'label': 'end', 'context': [<snowplow_tracker.self_describing_json.SelfDescribingJson object at 0x0000012B0443A750>, <snowplow_tracker.self_describing_json.SelfDescribingJson object at 0x0000012B1B451A00>, <snowplow_tracker.self_describing_json.SelfDescribingJson object at 0x0000012B1B23AF30>]}
[0m18:09:45.972066 [debug] [MainThread]: Flushing usage events
[0m18:09:50.943824 [debug] [MainThread]: An error was encountered while trying to flush usage events
[0m21:22:11.255537 [debug] [MainThread]: Sending event: {'category': 'dbt', 'action': 'invocation', 'label': 'start', 'context': [<snowplow_tracker.self_describing_json.SelfDescribingJson object at 0x0000020444E01610>, <snowplow_tracker.self_describing_json.SelfDescribingJson object at 0x00000204459F6990>, <snowplow_tracker.self_describing_json.SelfDescribingJson object at 0x00000204459F6CF0>]}


============================== 21:22:11.273428 | e20ec446-2101-4911-ae26-d3027b6277b9 ==============================
[0m21:22:11.273428 [info ] [MainThread]: Running with dbt=1.11.2
[0m21:22:11.277444 [debug] [MainThread]: running dbt with arguments {'version_check': 'True', 'no_print': 'None', 'static_parser': 'True', 'target_path': 'None', 'warn_error_options': 'WarnErrorOptionsV2(error=[], warn=[], silence=[])', 'printer_width': '80', 'write_json': 'True', 'introspect': 'True', 'log_cache_events': 'False', 'empty': 'None', 'cache_selected_only': 'False', 'log_format': 'default', 'debug': 'False', 'fail_fast': 'False', 'profiles_dir': 'C:\\Users\\HP\\.dbt', 'send_anonymous_usage_stats': 'True', 'quiet': 'False', 'warn_error': 'None', 'partial_parse': 'True', 'use_colors': 'True', 'invocation_command': 'dbt debug', 'indirect_selection': 'eager', 'use_experimental_parser': 'False', 'log_path': 'logs'}
[0m21:22:11.394814 [info ] [MainThread]: dbt version: 1.11.2
[0m21:22:11.396739 [info ] [MainThread]: python version: 3.12.0
[0m21:22:11.398827 [info ] [MainThread]: python path: C:\Users\HP\data_engineering_mastery\dbt_process\env\Scripts\python.exe
[0m21:22:11.401990 [info ] [MainThread]: os info: Windows-11-10.0.22000-SP0
[0m21:25:12.611490 [info ] [MainThread]: Using profiles dir at C:\Users\HP\.dbt
[0m21:25:12.620608 [info ] [MainThread]: Using profiles.yml file at C:\Users\HP\.dbt\profiles.yml
[0m21:25:12.623042 [info ] [MainThread]: Using dbt_project.yml file at C:\Users\HP\data_engineering_mastery\dbt_process\dbt_project.yml
[0m21:25:12.626673 [info ] [MainThread]: adapter type: bigquery
[0m21:25:12.639180 [info ] [MainThread]: adapter version: 1.11.0
[0m21:25:12.657280 [info ] [MainThread]: Configuration:
[0m21:25:12.661416 [info ] [MainThread]:   profiles.yml file [[32mOK found and valid[0m]
[0m21:25:12.685010 [info ] [MainThread]:   dbt_project.yml file [[31mERROR not found[0m]
[0m21:25:12.689024 [info ] [MainThread]: Required dependencies:
[0m21:25:12.699512 [debug] [MainThread]: Executing "git --help"
[0m21:25:12.905346 [debug] [MainThread]: STDOUT: "b"usage: git [-v | --version] [-h | --help] [-C <path>] [-c <name>=<value>]\n           [--exec-path[=<path>]] [--html-path] [--man-path] [--info-path]\n           [-p | --paginate | -P | --no-pager] [--no-replace-objects] [--bare]\n           [--git-dir=<path>] [--work-tree=<path>] [--namespace=<name>]\n           [--config-env=<name>=<envvar>] <command> [<args>]\n\nThese are common Git commands used in various situations:\n\nstart a working area (see also: git help tutorial)\n   clone     Clone a repository into a new directory\n   init      Create an empty Git repository or reinitialize an existing one\n\nwork on the current change (see also: git help everyday)\n   add       Add file contents to the index\n   mv        Move or rename a file, a directory, or a symlink\n   restore   Restore working tree files\n   rm        Remove files from the working tree and from the index\n\nexamine the history and state (see also: git help revisions)\n   bisect    Use binary search to find the commit that introduced a bug\n   diff      Show changes between commits, commit and working tree, etc\n   grep      Print lines matching a pattern\n   log       Show commit logs\n   show      Show various types of objects\n   status    Show the working tree status\n\ngrow, mark and tweak your common history\n   branch    List, create, or delete branches\n   commit    Record changes to the repository\n   merge     Join two or more development histories together\n   rebase    Reapply commits on top of another base tip\n   reset     Reset current HEAD to the specified state\n   switch    Switch branches\n   tag       Create, list, delete or verify a tag object signed with GPG\n\ncollaborate (see also: git help workflows)\n   fetch     Download objects and refs from another repository\n   pull      Fetch from and integrate with another repository or a local branch\n   push      Update remote refs along with associated objects\n\n'git help -a' and 'git help -g' list available subcommands and some\nconcept guides. See 'git help <command>' or 'git help <concept>'\nto read about a specific subcommand or concept.\nSee 'git help git' for an overview of the system.\n""
[0m21:25:12.907348 [debug] [MainThread]: STDERR: "b''"
[0m21:25:12.910360 [info ] [MainThread]:  - git [[32mOK found[0m]

[0m21:25:12.920325 [info ] [MainThread]: Connection:
[0m21:25:12.929424 [info ] [MainThread]:   method: service-account
[0m21:25:12.941932 [info ] [MainThread]:   database: my-dbt-project-486616
[0m21:25:13.018863 [info ] [MainThread]:   execution_project: my-dbt-project-486616
[0m21:25:13.050448 [info ] [MainThread]:   schema: dbt_dataset
[0m21:25:13.104565 [info ] [MainThread]:   location: EU
[0m21:25:13.135371 [info ] [MainThread]:   priority: interactive
[0m21:25:13.149472 [info ] [MainThread]:   maximum_bytes_billed: None
[0m21:25:13.174567 [info ] [MainThread]:   impersonate_service_account: None
[0m21:25:13.242786 [info ] [MainThread]:   job_retry_deadline_seconds: None
[0m21:25:13.301768 [info ] [MainThread]:   job_retries: 1
[0m21:25:13.360441 [info ] [MainThread]:   job_creation_timeout_seconds: None
[0m21:25:13.420481 [info ] [MainThread]:   job_execution_timeout_seconds: 300
[0m21:25:13.449617 [info ] [MainThread]:   timeout_seconds: 300
[0m21:25:13.483628 [info ] [MainThread]:   client_id: None
[0m21:25:13.517172 [info ] [MainThread]:   token_uri: None
[0m21:25:13.531914 [info ] [MainThread]:   compute_region: None
[0m21:25:13.545473 [info ] [MainThread]:   dataproc_cluster_name: None
[0m21:25:13.554469 [info ] [MainThread]:   gcs_bucket: None
[0m21:25:13.564782 [info ] [MainThread]:   dataproc_batch: None
[0m21:25:13.588302 [info ] [MainThread]: Registered adapter: bigquery=1.11.0
[0m21:25:20.235310 [debug] [MainThread]: Acquiring new bigquery connection 'debug'
[0m21:25:20.238310 [debug] [MainThread]: On debug: select 1 as id
[0m21:25:20.239310 [debug] [MainThread]: Opening a new connection, currently in state init
[0m21:25:32.657700 [debug] [MainThread]: BigQuery adapter: https://console.cloud.google.com/bigquery?project=my-dbt-project-486616&j=bq:EU:ed731fbd-13c6-496b-b704-169e050433a3&page=queryresults
[0m21:25:33.503363 [debug] [MainThread]: SQL status: OK in 0.842 seconds
[0m21:25:44.548951 [info ] [MainThread]:   Connection test: [[32mOK connection ok[0m]

[0m21:25:44.553448 [info ] [MainThread]: [31m1 check failed:[0m
[0m21:25:44.556466 [info ] [MainThread]: Project loading failed for the following reason:
 project path <C:\Users\HP\data_engineering_mastery\dbt_process\dbt_project.yml> not found

[0m21:25:44.564576 [debug] [MainThread]: Command `dbt debug` failed at 21:25:44.564576 after 214.09 seconds
[0m21:25:44.566572 [debug] [MainThread]: Connection 'debug' was properly closed.
[0m21:25:44.568585 [debug] [MainThread]: Sending event: {'category': 'dbt', 'action': 'invocation', 'label': 'end', 'context': [<snowplow_tracker.self_describing_json.SelfDescribingJson object at 0x0000020446209880>, <snowplow_tracker.self_describing_json.SelfDescribingJson object at 0x000002045CFFCB30>, <snowplow_tracker.self_describing_json.SelfDescribingJson object at 0x000002045B716630>]}
[0m21:25:44.576763 [debug] [MainThread]: Flushing usage events
[0m21:25:48.783122 [debug] [MainThread]: An error was encountered while trying to flush usage events
